../Core/Src/main.c:88:5:main	16	static
../Core/Src/main.c:158:6:SystemClock_Config	96	static
../Core/Src/main.c:202:13:MX_ADC1_Init	24	static
../Core/Src/main.c:249:13:MX_GPIO_Init	40	static
../Core/Src/main.c:288:7:readBatteryVoltage	16	static
../Core/Src/main.c:297:6:stopMotors	8	static
../Core/Src/main.c:301:6:rotateMotorCW	8	static
../Core/Src/main.c:306:6:rotateMotorCCW	8	static
../Core/Src/main.c:311:6:HAL_GPIO_EXTI_Callback	24	static
../Core/Src/main.c:324:6:EXTI15_10_IRQHandler	8	static
../Core/Src/main.c:337:6:Error_Handler	4	static,ignoring_inline_asm
